// Jest Snapshot v1, https://goo.gl/fbAQLP

exports[`<SignIn /> Render correctly 1`] = `
<form
  onSubmit={[Function]}
>
  <WithStyles(Paper)>
    <WithStyles(Typography)
      component="h2"
      variant="h5"
    >
      Sign In
    </WithStyles(Typography)>
    <TextField
      fullWidth={true}
      label="Email"
      margin="normal"
      name="email"
      onBlur={[Function]}
      onChange={[Function]}
      required={false}
      select={false}
      variant="outlined"
    />
    <TextField
      fullWidth={true}
      label="Password"
      margin="normal"
      name="password"
      onBlur={[Function]}
      onChange={[Function]}
      required={false}
      select={false}
      type="password"
      variant="outlined"
    />
    <WithStyles(Paper)
      elevation={0}
    >
      <WithStyles(Button)
        color="primary"
        disabled={false}
        type="submit"
        variant="contained"
      >
        Sign in
      </WithStyles(Button)>
      <WithStyles(Link)
        component="button"
        onClick={[Function]}
      >
        or
         
        Sign up
      </WithStyles(Link)>
    </WithStyles(Paper)>
  </WithStyles(Paper)>
</form>
`;
